// Jest Snapshot v1, https://goo.gl/fbAQLP

exports[`Ensure Hello display correctly 1`] = `
<h1>
  Hello from Cinemarathon !
</h1>
`;
